/*C3*/SET SCHEMA PUBLIC
INSERT INTO OFFER VALUES('ff8081817d46ea3f017d46ea8b0a0000',100000.0E0,'ff8081817d46a880017d46a8c1e90000','1                               ')
COMMIT
INSERT INTO CALENDAR VALUES('ff8081817d46ea3f017d46ea8b490001',4166.666666666667E0,'2021-11-22',5000.0E0,833.3333333333334E0,'ff8081817d46ea3f017d46ea8b0a0000')
COMMIT
INSERT INTO CALENDAR VALUES('ff8081817d46ea3f017d46ea8b4d0002',4166.666666666667E0,'2021-12-22',4965.277777777778E0,798.6111111111111E0,'ff8081817d46ea3f017d46ea8b0a0000')
COMMIT
INSERT INTO CALENDAR VALUES('ff8081817d46ea3f017d46ea8b4f0003',4166.666666666667E0,'2022-01-21',4930.555555555556E0,763.8888888888888E0,'ff8081817d46ea3f017d46ea8b0a0000')
COMMIT
INSERT INTO CALENDAR VALUES('ff8081817d46ea3f017d46ea8b510004',4166.666666666667E0,'2022-02-20',4895.833333333334E0,729.1666666666665E0,'ff8081817d46ea3f017d46ea8b0a0000')
COMMIT
INSERT INTO CALENDAR VALUES('ff8081817d46ea3f017d46ea8b520005',4166.666666666667E0,'2022-03-22',4861.111111111111E0,694.4444444444442E0,'ff8081817d46ea3f017d46ea8b0a0000')
COMMIT
INSERT INTO CALENDAR VALUES('ff8081817d46ea3f017d46ea8b540006',4166.666666666667E0,'2022-04-21',4826.388888888889E0,659.722222222222E0,'ff8081817d46ea3f017d46ea8b0a0000')
COMMIT
INSERT INTO CALENDAR VALUES('ff8081817d46ea3f017d46ea8b790007',4166.666666666667E0,'2022-05-21',4791.666666666667E0,624.9999999999998E0,'ff8081817d46ea3f017d46ea8b0a0000')
COMMIT
INSERT INTO CALENDAR VALUES('ff8081817d46ea3f017d46ea8b7a0008',4166.666666666667E0,'2022-06-20',4756.944444444444E0,590.2777777777775E0,'ff8081817d46ea3f017d46ea8b0a0000')
COMMIT
INSERT INTO CALENDAR VALUES('ff8081817d46ea3f017d46ea8b7b0009',4166.666666666667E0,'2022-07-20',4722.222222222223E0,555.5555555555553E0,'ff8081817d46ea3f017d46ea8b0a0000')
COMMIT
INSERT INTO CALENDAR VALUES('ff8081817d46ea3f017d46ea8b7c000a',4166.666666666667E0,'2022-08-19',4687.5E0,520.8333333333331E0,'ff8081817d46ea3f017d46ea8b0a0000')
COMMIT
INSERT INTO CALENDAR VALUES('ff8081817d46ea3f017d46ea8b7d000b',4166.666666666667E0,'2022-09-18',4652.777777777777E0,486.11111111111086E0,'ff8081817d46ea3f017d46ea8b0a0000')
COMMIT
INSERT INTO CALENDAR VALUES('ff8081817d46ea3f017d46ea8b7e000c',4166.666666666667E0,'2022-10-18',4618.055555555556E0,451.3888888888886E0,'ff8081817d46ea3f017d46ea8b0a0000')
COMMIT
INSERT INTO CALENDAR VALUES('ff8081817d46ea3f017d46ea8b80000d',4166.666666666667E0,'2022-11-17',4583.333333333333E0,416.6666666666664E0,'ff8081817d46ea3f017d46ea8b0a0000')
COMMIT
INSERT INTO CALENDAR VALUES('ff8081817d46ea3f017d46ea8b81000e',4166.666666666667E0,'2022-12-17',4548.611111111111E0,381.9444444444441E0,'ff8081817d46ea3f017d46ea8b0a0000')
COMMIT
INSERT INTO CALENDAR VALUES('ff8081817d46ea3f017d46ea8b83000f',4166.666666666667E0,'2023-01-16',4513.888888888889E0,347.2222222222219E0,'ff8081817d46ea3f017d46ea8b0a0000')
COMMIT
INSERT INTO CALENDAR VALUES('ff8081817d46ea3f017d46ea8b840010',4166.666666666667E0,'2023-02-15',4479.166666666667E0,312.4999999999996E0,'ff8081817d46ea3f017d46ea8b0a0000')
COMMIT
INSERT INTO CALENDAR VALUES('ff8081817d46ea3f017d46ea8b850011',4166.666666666667E0,'2023-03-17',4444.444444444444E0,277.77777777777743E0,'ff8081817d46ea3f017d46ea8b0a0000')
COMMIT
INSERT INTO CALENDAR VALUES('ff8081817d46ea3f017d46ea8b860012',4166.666666666667E0,'2023-04-16',4409.722222222222E0,243.05555555555517E0,'ff8081817d46ea3f017d46ea8b0a0000')
COMMIT
INSERT INTO CALENDAR VALUES('ff8081817d46ea3f017d46ea8b870013',4166.666666666667E0,'2023-05-16',4375.0E0,208.33333333333294E0,'ff8081817d46ea3f017d46ea8b0a0000')
COMMIT
INSERT INTO CALENDAR VALUES('ff8081817d46ea3f017d46ea8b880014',4166.666666666667E0,'2023-06-15',4340.277777777777E0,173.61111111111072E0,'ff8081817d46ea3f017d46ea8b0a0000')
COMMIT
INSERT INTO CALENDAR VALUES('ff8081817d46ea3f017d46ea8b890015',4166.666666666667E0,'2023-07-15',4305.555555555556E0,138.88888888888846E0,'ff8081817d46ea3f017d46ea8b0a0000')
COMMIT
INSERT INTO CALENDAR VALUES('ff8081817d46ea3f017d46ea8b890016',4166.666666666667E0,'2023-08-14',4270.833333333333E0,104.16666666666625E0,'ff8081817d46ea3f017d46ea8b0a0000')
COMMIT
INSERT INTO CALENDAR VALUES('ff8081817d46ea3f017d46ea8b8a0017',4166.666666666667E0,'2023-09-13',4236.111111111111E0,69.44444444444402E0,'ff8081817d46ea3f017d46ea8b0a0000')
COMMIT
INSERT INTO CALENDAR VALUES('ff8081817d46ea3f017d46ea8b8b0018',4166.666666666667E0,'2023-10-13',4201.388888888889E0,34.72222222222178E0,'ff8081817d46ea3f017d46ea8b0a0000')
COMMIT
